
-------- begin --------
avr-gcc (GCC) 4.7.2
Copyright (C) 2012 Free Software Foundation, Inc.
This is free software; see the source for copying conditions.  There is NO
warranty; not even for MERCHANTABILITY or FITNESS FOR A PARTICULAR PURPOSE.


Compiling: test_lcd.c
avr-gcc -c -mmcu=atmega328p -I. -gdwarf-2   -Os -funsigned-char -funsigned-bitfields -fpack-struct -fshort-enums -Wall -Wstrict-prototypes -Wa,-adhlns=test_lcd.lst  -std=gnu99 -Wp,-M,-MP,-MT,test_lcd.o,-MF,.dep/test_lcd.o.d test_lcd.c -o test_lcd.o 
test_lcd.c: In function ‘LCD_update_time’:
test_lcd.c:59:5: warning: passing argument 2 of ‘itoa’ makes pointer from integer without a cast [enabled by default]
In file included from test_lcd.c:10:0:
/usr/lib/gcc/avr/4.7.2/../../../avr/include/stdlib.h:406:14: note: expected ‘char *’ but argument is of type ‘unsigned char’
test_lcd.c:60:5: warning: passing argument 1 of ‘lcd_puts’ makes pointer from integer without a cast [enabled by default]
In file included from test_lcd.c:13:0:
lcd.h:229:13: note: expected ‘const char *’ but argument is of type ‘unsigned char’
test_lcd.c:61:5: warning: passing argument 2 of ‘itoa’ makes pointer from integer without a cast [enabled by default]
In file included from test_lcd.c:10:0:
/usr/lib/gcc/avr/4.7.2/../../../avr/include/stdlib.h:406:14: note: expected ‘char *’ but argument is of type ‘unsigned char’
test_lcd.c:62:5: warning: passing argument 1 of ‘lcd_puts’ makes pointer from integer without a cast [enabled by default]
In file included from test_lcd.c:13:0:
lcd.h:229:13: note: expected ‘const char *’ but argument is of type ‘unsigned char’
test_lcd.c:65:5: warning: passing argument 2 of ‘itoa’ makes pointer from integer without a cast [enabled by default]
In file included from test_lcd.c:10:0:
/usr/lib/gcc/avr/4.7.2/../../../avr/include/stdlib.h:406:14: note: expected ‘char *’ but argument is of type ‘unsigned char’
test_lcd.c:66:5: warning: passing argument 1 of ‘lcd_puts’ makes pointer from integer without a cast [enabled by default]
In file included from test_lcd.c:13:0:
lcd.h:229:13: note: expected ‘const char *’ but argument is of type ‘unsigned char’
test_lcd.c:67:5: warning: passing argument 2 of ‘itoa’ makes pointer from integer without a cast [enabled by default]
In file included from test_lcd.c:10:0:
/usr/lib/gcc/avr/4.7.2/../../../avr/include/stdlib.h:406:14: note: expected ‘char *’ but argument is of type ‘unsigned char’
test_lcd.c:68:5: warning: passing argument 1 of ‘lcd_puts’ makes pointer from integer without a cast [enabled by default]
In file included from test_lcd.c:13:0:
lcd.h:229:13: note: expected ‘const char *’ but argument is of type ‘unsigned char’
test_lcd.c:71:5: warning: passing argument 2 of ‘itoa’ makes pointer from integer without a cast [enabled by default]
In file included from test_lcd.c:10:0:
/usr/lib/gcc/avr/4.7.2/../../../avr/include/stdlib.h:406:14: note: expected ‘char *’ but argument is of type ‘unsigned char’
test_lcd.c:72:5: warning: passing argument 1 of ‘lcd_puts’ makes pointer from integer without a cast [enabled by default]
In file included from test_lcd.c:13:0:
lcd.h:229:13: note: expected ‘const char *’ but argument is of type ‘unsigned char’
test_lcd.c:73:5: warning: passing argument 2 of ‘itoa’ makes pointer from integer without a cast [enabled by default]
In file included from test_lcd.c:10:0:
/usr/lib/gcc/avr/4.7.2/../../../avr/include/stdlib.h:406:14: note: expected ‘char *’ but argument is of type ‘unsigned char’
test_lcd.c:74:5: warning: passing argument 1 of ‘lcd_puts’ makes pointer from integer without a cast [enabled by default]
In file included from test_lcd.c:13:0:
lcd.h:229:13: note: expected ‘const char *’ but argument is of type ‘unsigned char’
test_lcd.c:59:9: warning: ‘temp’ is used uninitialized in this function [-Wuninitialized]

Compiling: lcd.c
avr-gcc -c -mmcu=atmega328p -I. -gdwarf-2   -Os -funsigned-char -funsigned-bitfields -fpack-struct -fshort-enums -Wall -Wstrict-prototypes -Wa,-adhlns=lcd.lst  -std=gnu99 -Wp,-M,-MP,-MT,lcd.o,-MF,.dep/lcd.o.d lcd.c -o lcd.o 

Linking: test_lcd.elf
avr-gcc -mmcu=atmega328p -I. -gdwarf-2   -Os -funsigned-char -funsigned-bitfields -fpack-struct -fshort-enums -Wall -Wstrict-prototypes -Wa,-adhlns=test_lcd.o  -std=gnu99 -Wp,-M,-MP,-MT,test_lcd.o,-MF,.dep/test_lcd.elf.d test_lcd.o lcd.o   --output test_lcd.elf -Wl,-Map=test_lcd.map,--cref    -lm

Creating load file for Flash: test_lcd.hex
avr-objcopy -O ihex -R .eeprom test_lcd.elf test_lcd.hex

Creating load file for EEPROM: test_lcd.eep
avr-objcopy -j .eeprom --set-section-flags=.eeprom="alloc,load" \
	--change-section-lma .eeprom=0 -O ihex test_lcd.elf test_lcd.eep
avr-objcopy: --change-section-lma .eeprom=0x00000000 never used

Creating Extended Listing: test_lcd.lss
avr-objdump -h -S test_lcd.elf > test_lcd.lss

Creating Symbol Table: test_lcd.sym
avr-nm -n test_lcd.elf > test_lcd.sym

Size after:
test_lcd.elf  :
section           size      addr
.data               26   8388864
.text             1228         0
.bss                 3   8388890
.stab             2388         0
.stabstr           180         0
.comment            17         0
.debug_aranges      72         0
.debug_info       2401         0
.debug_abbrev     1019         0
.debug_line        512         0
.debug_frame       500         0
.debug_str         516         0
.debug_loc        1573         0
.debug_ranges       72         0
Total            10507



Errors: none
-------- end --------

